Archive member included to satisfy reference by file (symbol)

c:/program files (x86)/gnu tools arm embedded/8 2018-q4-major/bin/../lib/gcc/arm-none-eabi/8.2.1/../../../../arm-none-eabi/lib/thumb/v6-m/nofp\libc_nano.a(lib_a-init.o)
                              build\startup_stm32l053xx.o (__libc_init_array)
c:/program files (x86)/gnu tools arm embedded/8 2018-q4-major/bin/../lib/gcc/arm-none-eabi/8.2.1/thumb/v6-m/nofp\libgcc.a(_thumb1_case_uqi.o)
                              build\system_stm32l0xx.o (__gnu_thumb1_case_uqi)
c:/program files (x86)/gnu tools arm embedded/8 2018-q4-major/bin/../lib/gcc/arm-none-eabi/8.2.1/thumb/v6-m/nofp\libgcc.a(_udivsi3.o)
                              build\system_stm32l0xx.o (__aeabi_uidiv)
c:/program files (x86)/gnu tools arm embedded/8 2018-q4-major/bin/../lib/gcc/arm-none-eabi/8.2.1/thumb/v6-m/nofp\libgcc.a(_divsi3.o)
                              build\system_stm32l0xx.o (__aeabi_idiv)
c:/program files (x86)/gnu tools arm embedded/8 2018-q4-major/bin/../lib/gcc/arm-none-eabi/8.2.1/thumb/v6-m/nofp\libgcc.a(_dvmd_tls.o)
                              c:/program files (x86)/gnu tools arm embedded/8 2018-q4-major/bin/../lib/gcc/arm-none-eabi/8.2.1/thumb/v6-m/nofp\libgcc.a(_udivsi3.o) (__aeabi_idiv0)

Discarded input sections

 .ARM.attributes
                0x00000000       0x1e c:/program files (x86)/gnu tools arm embedded/8 2018-q4-major/bin/../lib/gcc/arm-none-eabi/8.2.1/thumb/v6-m/nofp\libgcc.a(_thumb1_case_uqi.o)
 .debug_frame   0x00000000       0x20 c:/program files (x86)/gnu tools arm embedded/8 2018-q4-major/bin/../lib/gcc/arm-none-eabi/8.2.1/thumb/v6-m/nofp\libgcc.a(_udivsi3.o)
 .ARM.attributes
                0x00000000       0x1e c:/program files (x86)/gnu tools arm embedded/8 2018-q4-major/bin/../lib/gcc/arm-none-eabi/8.2.1/thumb/v6-m/nofp\libgcc.a(_udivsi3.o)
 .debug_frame   0x00000000       0x20 c:/program files (x86)/gnu tools arm embedded/8 2018-q4-major/bin/../lib/gcc/arm-none-eabi/8.2.1/thumb/v6-m/nofp\libgcc.a(_divsi3.o)
 .ARM.attributes
                0x00000000       0x1e c:/program files (x86)/gnu tools arm embedded/8 2018-q4-major/bin/../lib/gcc/arm-none-eabi/8.2.1/thumb/v6-m/nofp\libgcc.a(_divsi3.o)
 .ARM.attributes
                0x00000000       0x1e c:/program files (x86)/gnu tools arm embedded/8 2018-q4-major/bin/../lib/gcc/arm-none-eabi/8.2.1/thumb/v6-m/nofp\libgcc.a(_dvmd_tls.o)

Memory Configuration

Name             Origin             Length             Attributes
FLASH            0x08000000         0x00010000         xr
RAM              0x20000000         0x00002000         xrw
MEMORY_B1        0x60000000         0x00000000         xr
*default*        0x00000000         0xffffffff

Linker script and memory map

LOAD build\startup_stm32l053xx.o
LOAD build\system_stm32l0xx.o
LOAD build\main.o
LOAD c:/program files (x86)/gnu tools arm embedded/8 2018-q4-major/bin/../lib/gcc/arm-none-eabi/8.2.1/../../../../arm-none-eabi/lib/thumb/v6-m/nofp\libc_nano.a
                0x20002000                _estack = 0x20002000
                0x00000000                _Min_Heap_Size = 0x0
                0x00000080                _Min_Stack_Size = 0x80

.isr_vector     0x08000000       0xc0
                0x08000000                . = ALIGN (0x4)
 *(.isr_vector)
 .isr_vector    0x08000000       0xc0 build\startup_stm32l053xx.o
                0x08000000                g_pfnVectors
                0x080000c0                . = ALIGN (0x4)

.text           0x080000c0      0x594
                0x080000c0                . = ALIGN (0x4)
 *(.text)
 .text          0x080000c0       0x14 build\startup_stm32l053xx.o
 .text          0x080000d4        0x0 build\system_stm32l0xx.o
 .text          0x080000d4        0x0 build\main.o
 .text          0x080000d4        0x0 c:/program files (x86)/gnu tools arm embedded/8 2018-q4-major/bin/../lib/gcc/arm-none-eabi/8.2.1/../../../../arm-none-eabi/lib/thumb/v6-m/nofp\libc_nano.a(lib_a-init.o)
 .text          0x080000d4       0x14 c:/program files (x86)/gnu tools arm embedded/8 2018-q4-major/bin/../lib/gcc/arm-none-eabi/8.2.1/thumb/v6-m/nofp\libgcc.a(_thumb1_case_uqi.o)
                0x080000d4                __gnu_thumb1_case_uqi
 .text          0x080000e8      0x114 c:/program files (x86)/gnu tools arm embedded/8 2018-q4-major/bin/../lib/gcc/arm-none-eabi/8.2.1/thumb/v6-m/nofp\libgcc.a(_udivsi3.o)
                0x080000e8                __aeabi_uidiv
                0x080000e8                __udivsi3
                0x080001f4                __aeabi_uidivmod
 .text          0x080001fc      0x1d4 c:/program files (x86)/gnu tools arm embedded/8 2018-q4-major/bin/../lib/gcc/arm-none-eabi/8.2.1/thumb/v6-m/nofp\libgcc.a(_divsi3.o)
                0x080001fc                __divsi3
                0x080001fc                __aeabi_idiv
                0x080003c8                __aeabi_idivmod
 .text          0x080003d0        0x4 c:/program files (x86)/gnu tools arm embedded/8 2018-q4-major/bin/../lib/gcc/arm-none-eabi/8.2.1/thumb/v6-m/nofp\libgcc.a(_dvmd_tls.o)
                0x080003d0                __aeabi_idiv0
                0x080003d0                __aeabi_ldiv0
 *(.text*)
 .text.Reset_Handler
                0x080003d4       0x50 build\startup_stm32l053xx.o
                0x080003d4                Reset_Handler
 .text.Default_Handler
                0x08000424        0x2 build\startup_stm32l053xx.o
                0x08000424                TSC_IRQHandler
                0x08000424                HardFault_Handler
                0x08000424                ADC1_COMP_IRQHandler
                0x08000424                SysTick_Handler
                0x08000424                PVD_IRQHandler
                0x08000424                PendSV_Handler
                0x08000424                NMI_Handler
                0x08000424                I2C1_IRQHandler
                0x08000424                RCC_CRS_IRQHandler
                0x08000424                SPI1_IRQHandler
                0x08000424                TIM6_DAC_IRQHandler
                0x08000424                EXTI2_3_IRQHandler
                0x08000424                I2C2_IRQHandler
                0x08000424                RTC_IRQHandler
                0x08000424                LCD_IRQHandler
                0x08000424                DMA1_Channel4_5_6_7_IRQHandler
                0x08000424                EXTI4_15_IRQHandler
                0x08000424                DMA1_Channel1_IRQHandler
                0x08000424                Default_Handler
                0x08000424                TIM22_IRQHandler
                0x08000424                EXTI0_1_IRQHandler
                0x08000424                USB_IRQHandler
                0x08000424                SPI2_IRQHandler
                0x08000424                SVC_Handler
                0x08000424                TIM21_IRQHandler
                0x08000424                WWDG_IRQHandler
                0x08000424                TIM2_IRQHandler
                0x08000424                DMA1_Channel2_3_IRQHandler
                0x08000424                USART2_IRQHandler
                0x08000424                FLASH_IRQHandler
                0x08000424                USART1_IRQHandler
                0x08000424                RNG_LPUART1_IRQHandler
                0x08000424                LPTIM1_IRQHandler
 *fill*         0x08000426        0x2 
 .text.SystemInit
                0x08000428       0x5c build\system_stm32l0xx.o
                0x08000428                SystemInit
 .text.SystemCoreClockUpdate
                0x08000484       0x8c build\system_stm32l0xx.o
                0x08000484                SystemCoreClockUpdate
 .text.gpio_config
                0x08000510       0x60 build\main.o
                0x08000510                gpio_config
 .text.clock_config
                0x08000570       0x78 build\main.o
                0x08000570                clock_config
 .text.startup.main
                0x080005e8       0x24 build\main.o
                0x080005e8                main
 .text.__libc_init_array
                0x0800060c       0x48 c:/program files (x86)/gnu tools arm embedded/8 2018-q4-major/bin/../lib/gcc/arm-none-eabi/8.2.1/../../../../arm-none-eabi/lib/thumb/v6-m/nofp\libc_nano.a(lib_a-init.o)
                0x0800060c                __libc_init_array
 *(.glue_7)
 .glue_7        0x08000654        0x0 linker stubs
 *(.glue_7t)
 .glue_7t       0x08000654        0x0 linker stubs
 *(.eh_frame)
 *(.init)
 *(.fini)
                0x08000654                . = ALIGN (0x4)
                0x08000654                _etext = .

.vfp11_veneer   0x08000654        0x0
 .vfp11_veneer  0x08000654        0x0 linker stubs

.v4_bx          0x08000654        0x0
 .v4_bx         0x08000654        0x0 linker stubs

.iplt           0x08000654        0x0
 .iplt          0x08000654        0x0 build\startup_stm32l053xx.o

.rodata         0x08000654       0x24
                0x08000654                . = ALIGN (0x4)
 *(.rodata)
 *(.rodata*)
 .rodata.AHBPrescTable
                0x08000654       0x10 build\system_stm32l0xx.o
                0x08000654                AHBPrescTable
 .rodata.APBPrescTable
                0x08000664        0x8 build\system_stm32l0xx.o
                0x08000664                APBPrescTable
 .rodata.PLLMulTable
                0x0800066c        0x9 build\system_stm32l0xx.o
                0x0800066c                PLLMulTable
                0x08000678                . = ALIGN (0x4)
 *fill*         0x08000675        0x3 

.rel.dyn        0x08000678        0x0
 .rel.iplt      0x08000678        0x0 build\startup_stm32l053xx.o

.ARM.extab
 *(.ARM.extab* .gnu.linkonce.armextab.*)

.ARM            0x08000678        0x0
                0x08000678                __exidx_start = .
 *(.ARM.exidx*)
                0x08000678                __exidx_end = .

.preinit_array  0x08000678        0x0
                0x08000678                PROVIDE (__preinit_array_start = .)
 *(.preinit_array*)
                0x08000678                PROVIDE (__preinit_array_end = .)

.init_array     0x08000678        0x0
                0x08000678                PROVIDE (__init_array_start = .)
 *(SORT_BY_NAME(.init_array.*))
 *(.init_array*)
                0x08000678                PROVIDE (__init_array_end = .)

.fini_array     0x08000678        0x0
                [!provide]                PROVIDE (__fini_array_start = .)
 *(SORT_BY_NAME(.fini_array.*))
 *(.fini_array*)
                [!provide]                PROVIDE (__fini_array_end = .)
                0x08000678                _sidata = LOADADDR (.data)

.data           0x20000000        0x4 load address 0x08000678
                0x20000000                . = ALIGN (0x4)
                0x20000000                _sdata = .
 *(.data)
 .data          0x20000000        0x0 build\startup_stm32l053xx.o
 .data          0x20000000        0x0 build\system_stm32l0xx.o
 .data          0x20000000        0x0 build\main.o
 .data          0x20000000        0x0 c:/program files (x86)/gnu tools arm embedded/8 2018-q4-major/bin/../lib/gcc/arm-none-eabi/8.2.1/../../../../arm-none-eabi/lib/thumb/v6-m/nofp\libc_nano.a(lib_a-init.o)
 .data          0x20000000        0x0 c:/program files (x86)/gnu tools arm embedded/8 2018-q4-major/bin/../lib/gcc/arm-none-eabi/8.2.1/thumb/v6-m/nofp\libgcc.a(_thumb1_case_uqi.o)
 .data          0x20000000        0x0 c:/program files (x86)/gnu tools arm embedded/8 2018-q4-major/bin/../lib/gcc/arm-none-eabi/8.2.1/thumb/v6-m/nofp\libgcc.a(_udivsi3.o)
 .data          0x20000000        0x0 c:/program files (x86)/gnu tools arm embedded/8 2018-q4-major/bin/../lib/gcc/arm-none-eabi/8.2.1/thumb/v6-m/nofp\libgcc.a(_divsi3.o)
 .data          0x20000000        0x0 c:/program files (x86)/gnu tools arm embedded/8 2018-q4-major/bin/../lib/gcc/arm-none-eabi/8.2.1/thumb/v6-m/nofp\libgcc.a(_dvmd_tls.o)
 *(.data*)
 .data.SystemCoreClock
                0x20000000        0x4 build\system_stm32l0xx.o
                0x20000000                SystemCoreClock
                0x20000004                . = ALIGN (0x4)
                0x20000004                _edata = .

.igot.plt       0x20000004        0x0 load address 0x0800067c
 .igot.plt      0x20000004        0x0 build\startup_stm32l053xx.o
                0x20000004                . = ALIGN (0x4)

.bss            0x20000004        0x4 load address 0x0800067c
                0x20000004                _sbss = .
                0x20000004                __bss_start__ = _sbss
 *(.bss)
 .bss           0x20000004        0x0 build\startup_stm32l053xx.o
 .bss           0x20000004        0x0 build\system_stm32l0xx.o
 .bss           0x20000004        0x0 build\main.o
 .bss           0x20000004        0x0 c:/program files (x86)/gnu tools arm embedded/8 2018-q4-major/bin/../lib/gcc/arm-none-eabi/8.2.1/../../../../arm-none-eabi/lib/thumb/v6-m/nofp\libc_nano.a(lib_a-init.o)
 .bss           0x20000004        0x0 c:/program files (x86)/gnu tools arm embedded/8 2018-q4-major/bin/../lib/gcc/arm-none-eabi/8.2.1/thumb/v6-m/nofp\libgcc.a(_thumb1_case_uqi.o)
 .bss           0x20000004        0x0 c:/program files (x86)/gnu tools arm embedded/8 2018-q4-major/bin/../lib/gcc/arm-none-eabi/8.2.1/thumb/v6-m/nofp\libgcc.a(_udivsi3.o)
 .bss           0x20000004        0x0 c:/program files (x86)/gnu tools arm embedded/8 2018-q4-major/bin/../lib/gcc/arm-none-eabi/8.2.1/thumb/v6-m/nofp\libgcc.a(_divsi3.o)
 .bss           0x20000004        0x0 c:/program files (x86)/gnu tools arm embedded/8 2018-q4-major/bin/../lib/gcc/arm-none-eabi/8.2.1/thumb/v6-m/nofp\libgcc.a(_dvmd_tls.o)
 *(.bss*)
 .bss.i         0x20000004        0x4 build\main.o
                0x20000004                i
 *(COMMON)
                0x20000008                . = ALIGN (0x4)
                0x20000008                _ebss = .
                0x20000008                __bss_end__ = _ebss

._user_heap_stack
                0x20000008       0x80 load address 0x0800067c
                0x20000008                . = ALIGN (0x4)
                [!provide]                PROVIDE (end = .)
                [!provide]                PROVIDE (_end = .)
                0x20000008                . = (. + _Min_Heap_Size)
                0x20000088                . = (. + _Min_Stack_Size)
 *fill*         0x20000008       0x80 
                0x20000088                . = ALIGN (0x4)

.memory_b1_text
 *(.mb1text)
 *(.mb1text*)
 *(.mb1rodata)
 *(.mb1rodata*)

/DISCARD/
 libc.a(*)
 libm.a(*)
 libgcc.a(*)

.ARM.attributes
                0x00000000       0x2e
 *(.ARM.attributes)
 .ARM.attributes
                0x00000000       0x22 build\startup_stm32l053xx.o
 .ARM.attributes
                0x00000022       0x2c build\system_stm32l0xx.o
 .ARM.attributes
                0x0000004e       0x2c build\main.o
 .ARM.attributes
                0x0000007a       0x2c c:/program files (x86)/gnu tools arm embedded/8 2018-q4-major/bin/../lib/gcc/arm-none-eabi/8.2.1/../../../../arm-none-eabi/lib/thumb/v6-m/nofp\libc_nano.a(lib_a-init.o)
OUTPUT(build\myPrg.elf elf32-littlearm)

.debug_info     0x00000000      0x74b
 .debug_info    0x00000000      0x3c7 build\system_stm32l0xx.o
 .debug_info    0x000003c7      0x384 build\main.o

.debug_abbrev   0x00000000      0x24e
 .debug_abbrev  0x00000000      0x119 build\system_stm32l0xx.o
 .debug_abbrev  0x00000119      0x135 build\main.o

.debug_loc      0x00000000      0x1b3
 .debug_loc     0x00000000      0x1b3 build\system_stm32l0xx.o

.debug_aranges  0x00000000       0x58
 .debug_aranges
                0x00000000       0x28 build\system_stm32l0xx.o
 .debug_aranges
                0x00000028       0x30 build\main.o

.debug_ranges   0x00000000       0x50
 .debug_ranges  0x00000000       0x18 build\system_stm32l0xx.o
 .debug_ranges  0x00000018       0x38 build\main.o

.debug_line     0x00000000      0x58c
 .debug_line    0x00000000      0x2ce build\system_stm32l0xx.o
 .debug_line    0x000002ce      0x2be build\main.o

.debug_str      0x00000000      0x2f2
 .debug_str     0x00000000      0x295 build\system_stm32l0xx.o
                                0x2da (size before relaxing)
 .debug_str     0x00000295       0x5d build\main.o
                                0x2ad (size before relaxing)

.comment        0x00000000       0x75
 .comment       0x00000000       0x75 build\system_stm32l0xx.o
                                 0x76 (size before relaxing)
 .comment       0x00000075       0x76 build\main.o

.debug_frame    0x00000000       0xb8
 .debug_frame   0x00000000       0x40 build\system_stm32l0xx.o
 .debug_frame   0x00000040       0x4c build\main.o
 .debug_frame   0x0000008c       0x2c c:/program files (x86)/gnu tools arm embedded/8 2018-q4-major/bin/../lib/gcc/arm-none-eabi/8.2.1/../../../../arm-none-eabi/lib/thumb/v6-m/nofp\libc_nano.a(lib_a-init.o)

Cross Reference Table

Symbol                                            File
ADC1_COMP_IRQHandler                              build\startup_stm32l053xx.o
AHBPrescTable                                     build\system_stm32l0xx.o
APBPrescTable                                     build\system_stm32l0xx.o
DMA1_Channel1_IRQHandler                          build\startup_stm32l053xx.o
DMA1_Channel2_3_IRQHandler                        build\startup_stm32l053xx.o
DMA1_Channel4_5_6_7_IRQHandler                    build\startup_stm32l053xx.o
Default_Handler                                   build\startup_stm32l053xx.o
EXTI0_1_IRQHandler                                build\startup_stm32l053xx.o
EXTI2_3_IRQHandler                                build\startup_stm32l053xx.o
EXTI4_15_IRQHandler                               build\startup_stm32l053xx.o
FLASH_IRQHandler                                  build\startup_stm32l053xx.o
HardFault_Handler                                 build\startup_stm32l053xx.o
I2C1_IRQHandler                                   build\startup_stm32l053xx.o
I2C2_IRQHandler                                   build\startup_stm32l053xx.o
LCD_IRQHandler                                    build\startup_stm32l053xx.o
LPTIM1_IRQHandler                                 build\startup_stm32l053xx.o
NMI_Handler                                       build\startup_stm32l053xx.o
PLLMulTable                                       build\system_stm32l0xx.o
PVD_IRQHandler                                    build\startup_stm32l053xx.o
PendSV_Handler                                    build\startup_stm32l053xx.o
RCC_CRS_IRQHandler                                build\startup_stm32l053xx.o
RNG_LPUART1_IRQHandler                            build\startup_stm32l053xx.o
RTC_IRQHandler                                    build\startup_stm32l053xx.o
Reset_Handler                                     build\startup_stm32l053xx.o
SPI1_IRQHandler                                   build\startup_stm32l053xx.o
SPI2_IRQHandler                                   build\startup_stm32l053xx.o
SVC_Handler                                       build\startup_stm32l053xx.o
SysTick_Handler                                   build\startup_stm32l053xx.o
SystemCoreClock                                   build\system_stm32l0xx.o
SystemCoreClockUpdate                             build\system_stm32l0xx.o
SystemInit                                        build\system_stm32l0xx.o
                                                  build\startup_stm32l053xx.o
TIM21_IRQHandler                                  build\startup_stm32l053xx.o
TIM22_IRQHandler                                  build\startup_stm32l053xx.o
TIM2_IRQHandler                                   build\startup_stm32l053xx.o
TIM6_DAC_IRQHandler                               build\startup_stm32l053xx.o
TSC_IRQHandler                                    build\startup_stm32l053xx.o
USART1_IRQHandler                                 build\startup_stm32l053xx.o
USART2_IRQHandler                                 build\startup_stm32l053xx.o
USB_IRQHandler                                    build\startup_stm32l053xx.o
WWDG_IRQHandler                                   build\startup_stm32l053xx.o
__aeabi_idiv                                      c:/program files (x86)/gnu tools arm embedded/8 2018-q4-major/bin/../lib/gcc/arm-none-eabi/8.2.1/thumb/v6-m/nofp\libgcc.a(_divsi3.o)
                                                  build\system_stm32l0xx.o
__aeabi_idiv0                                     c:/program files (x86)/gnu tools arm embedded/8 2018-q4-major/bin/../lib/gcc/arm-none-eabi/8.2.1/thumb/v6-m/nofp\libgcc.a(_dvmd_tls.o)
                                                  c:/program files (x86)/gnu tools arm embedded/8 2018-q4-major/bin/../lib/gcc/arm-none-eabi/8.2.1/thumb/v6-m/nofp\libgcc.a(_divsi3.o)
                                                  c:/program files (x86)/gnu tools arm embedded/8 2018-q4-major/bin/../lib/gcc/arm-none-eabi/8.2.1/thumb/v6-m/nofp\libgcc.a(_udivsi3.o)
__aeabi_idivmod                                   c:/program files (x86)/gnu tools arm embedded/8 2018-q4-major/bin/../lib/gcc/arm-none-eabi/8.2.1/thumb/v6-m/nofp\libgcc.a(_divsi3.o)
__aeabi_ldiv0                                     c:/program files (x86)/gnu tools arm embedded/8 2018-q4-major/bin/../lib/gcc/arm-none-eabi/8.2.1/thumb/v6-m/nofp\libgcc.a(_dvmd_tls.o)
__aeabi_uidiv                                     c:/program files (x86)/gnu tools arm embedded/8 2018-q4-major/bin/../lib/gcc/arm-none-eabi/8.2.1/thumb/v6-m/nofp\libgcc.a(_udivsi3.o)
                                                  build\system_stm32l0xx.o
__aeabi_uidivmod                                  c:/program files (x86)/gnu tools arm embedded/8 2018-q4-major/bin/../lib/gcc/arm-none-eabi/8.2.1/thumb/v6-m/nofp\libgcc.a(_udivsi3.o)
__divsi3                                          c:/program files (x86)/gnu tools arm embedded/8 2018-q4-major/bin/../lib/gcc/arm-none-eabi/8.2.1/thumb/v6-m/nofp\libgcc.a(_divsi3.o)
__gnu_thumb1_case_uqi                             c:/program files (x86)/gnu tools arm embedded/8 2018-q4-major/bin/../lib/gcc/arm-none-eabi/8.2.1/thumb/v6-m/nofp\libgcc.a(_thumb1_case_uqi.o)
                                                  build\system_stm32l0xx.o
__init_array_end                                  c:/program files (x86)/gnu tools arm embedded/8 2018-q4-major/bin/../lib/gcc/arm-none-eabi/8.2.1/../../../../arm-none-eabi/lib/thumb/v6-m/nofp\libc_nano.a(lib_a-init.o)
__init_array_start                                c:/program files (x86)/gnu tools arm embedded/8 2018-q4-major/bin/../lib/gcc/arm-none-eabi/8.2.1/../../../../arm-none-eabi/lib/thumb/v6-m/nofp\libc_nano.a(lib_a-init.o)
__libc_init_array                                 c:/program files (x86)/gnu tools arm embedded/8 2018-q4-major/bin/../lib/gcc/arm-none-eabi/8.2.1/../../../../arm-none-eabi/lib/thumb/v6-m/nofp\libc_nano.a(lib_a-init.o)
                                                  build\startup_stm32l053xx.o
__preinit_array_end                               c:/program files (x86)/gnu tools arm embedded/8 2018-q4-major/bin/../lib/gcc/arm-none-eabi/8.2.1/../../../../arm-none-eabi/lib/thumb/v6-m/nofp\libc_nano.a(lib_a-init.o)
__preinit_array_start                             c:/program files (x86)/gnu tools arm embedded/8 2018-q4-major/bin/../lib/gcc/arm-none-eabi/8.2.1/../../../../arm-none-eabi/lib/thumb/v6-m/nofp\libc_nano.a(lib_a-init.o)
__udivsi3                                         c:/program files (x86)/gnu tools arm embedded/8 2018-q4-major/bin/../lib/gcc/arm-none-eabi/8.2.1/thumb/v6-m/nofp\libgcc.a(_udivsi3.o)
_ebss                                             build\startup_stm32l053xx.o
_edata                                            build\startup_stm32l053xx.o
_estack                                           build\startup_stm32l053xx.o
_init                                             c:/program files (x86)/gnu tools arm embedded/8 2018-q4-major/bin/../lib/gcc/arm-none-eabi/8.2.1/../../../../arm-none-eabi/lib/thumb/v6-m/nofp\libc_nano.a(lib_a-init.o)
_sbss                                             build\startup_stm32l053xx.o
_sdata                                            build\startup_stm32l053xx.o
_sidata                                           build\startup_stm32l053xx.o
clock_config                                      build\main.o
g_pfnVectors                                      build\startup_stm32l053xx.o
gpio_config                                       build\main.o
i                                                 build\main.o
main                                              build\main.o
                                                  build\startup_stm32l053xx.o
