Archive member included to satisfy reference by file (symbol)

c:/program files (x86)/gnu tools arm embedded/8 2018-q4-major/bin/../lib/gcc/arm-none-eabi/8.2.1/thumb/v6-m/nofp\libgcc.a(_thumb1_case_uqi.o)
                              build\STM32_CMSIS\Device\ST\STM32L0xx\Source\Templates\system_stm32l0xx.o (__gnu_thumb1_case_uqi)
c:/program files (x86)/gnu tools arm embedded/8 2018-q4-major/bin/../lib/gcc/arm-none-eabi/8.2.1/thumb/v6-m/nofp\libgcc.a(_udivsi3.o)
                              build\STM32_CMSIS\Device\ST\STM32L0xx\Source\Templates\system_stm32l0xx.o (__aeabi_uidiv)
c:/program files (x86)/gnu tools arm embedded/8 2018-q4-major/bin/../lib/gcc/arm-none-eabi/8.2.1/thumb/v6-m/nofp\libgcc.a(_divsi3.o)
                              build\STM32_CMSIS\Device\ST\STM32L0xx\Source\Templates\system_stm32l0xx.o (__aeabi_idiv)
c:/program files (x86)/gnu tools arm embedded/8 2018-q4-major/bin/../lib/gcc/arm-none-eabi/8.2.1/thumb/v6-m/nofp\libgcc.a(_dvmd_tls.o)
                              c:/program files (x86)/gnu tools arm embedded/8 2018-q4-major/bin/../lib/gcc/arm-none-eabi/8.2.1/thumb/v6-m/nofp\libgcc.a(_udivsi3.o) (__aeabi_idiv0)
c:/program files (x86)/gnu tools arm embedded/8 2018-q4-major/bin/../lib/gcc/arm-none-eabi/8.2.1/../../../../arm-none-eabi/lib/thumb/v6-m/nofp\libc_nano.a(lib_a-exit.o)
                              c:/program files (x86)/gnu tools arm embedded/8 2018-q4-major/bin/../lib/gcc/arm-none-eabi/8.2.1/../../../../arm-none-eabi/lib/thumb/v6-m/nofp/crt0.o (exit)
c:/program files (x86)/gnu tools arm embedded/8 2018-q4-major/bin/../lib/gcc/arm-none-eabi/8.2.1/../../../../arm-none-eabi/lib/thumb/v6-m/nofp\libc_nano.a(lib_a-impure.o)
                              c:/program files (x86)/gnu tools arm embedded/8 2018-q4-major/bin/../lib/gcc/arm-none-eabi/8.2.1/../../../../arm-none-eabi/lib/thumb/v6-m/nofp\libc_nano.a(lib_a-exit.o) (_global_impure_ptr)
c:/program files (x86)/gnu tools arm embedded/8 2018-q4-major/bin/../lib/gcc/arm-none-eabi/8.2.1/../../../../arm-none-eabi/lib/thumb/v6-m/nofp\libc_nano.a(lib_a-init.o)
                              c:/program files (x86)/gnu tools arm embedded/8 2018-q4-major/bin/../lib/gcc/arm-none-eabi/8.2.1/../../../../arm-none-eabi/lib/thumb/v6-m/nofp/crt0.o (__libc_init_array)
c:/program files (x86)/gnu tools arm embedded/8 2018-q4-major/bin/../lib/gcc/arm-none-eabi/8.2.1/../../../../arm-none-eabi/lib/thumb/v6-m/nofp\libc_nano.a(lib_a-memset.o)
                              c:/program files (x86)/gnu tools arm embedded/8 2018-q4-major/bin/../lib/gcc/arm-none-eabi/8.2.1/../../../../arm-none-eabi/lib/thumb/v6-m/nofp/crt0.o (memset)
c:/program files (x86)/gnu tools arm embedded/8 2018-q4-major/bin/../lib/gcc/arm-none-eabi/8.2.1/../../../../arm-none-eabi/lib/thumb/v6-m/nofp\libnosys.a(_exit.o)
                              c:/program files (x86)/gnu tools arm embedded/8 2018-q4-major/bin/../lib/gcc/arm-none-eabi/8.2.1/../../../../arm-none-eabi/lib/thumb/v6-m/nofp\libc_nano.a(lib_a-exit.o) (_exit)

Memory Configuration

Name             Origin             Length             Attributes
FLASH            0x08000000         0x00010000         xr
RAM              0x20000000         0x00002000         xrw
MEMORY_B1        0x60000000         0x00000000         xr
*default*        0x00000000         0xffffffff

Linker script and memory map

LOAD c:/program files (x86)/gnu tools arm embedded/8 2018-q4-major/bin/../lib/gcc/arm-none-eabi/8.2.1/thumb/v6-m/nofp/crti.o
LOAD c:/program files (x86)/gnu tools arm embedded/8 2018-q4-major/bin/../lib/gcc/arm-none-eabi/8.2.1/thumb/v6-m/nofp/crtbegin.o
LOAD c:/program files (x86)/gnu tools arm embedded/8 2018-q4-major/bin/../lib/gcc/arm-none-eabi/8.2.1/../../../../arm-none-eabi/lib/thumb/v6-m/nofp/crt0.o
LOAD build\STM32_CMSIS\Device\ST\STM32L0xx\Source\Templates\startup_stm32l053xx.o
LOAD build\STM32_CMSIS\Device\ST\STM32L0xx\Source\Templates\system_stm32l0xx.o
LOAD build\main.o
LOAD c:/program files (x86)/gnu tools arm embedded/8 2018-q4-major/bin/../lib/gcc/arm-none-eabi/8.2.1/thumb/v6-m/nofp\libgcc.a
LOAD c:/program files (x86)/gnu tools arm embedded/8 2018-q4-major/bin/../lib/gcc/arm-none-eabi/8.2.1/../../../../arm-none-eabi/lib/thumb/v6-m/nofp\libc_nano.a
LOAD c:/program files (x86)/gnu tools arm embedded/8 2018-q4-major/bin/../lib/gcc/arm-none-eabi/8.2.1/../../../../arm-none-eabi/lib/thumb/v6-m/nofp\libnosys.a
START GROUP
LOAD c:/program files (x86)/gnu tools arm embedded/8 2018-q4-major/bin/../lib/gcc/arm-none-eabi/8.2.1/thumb/v6-m/nofp\libgcc.a
LOAD c:/program files (x86)/gnu tools arm embedded/8 2018-q4-major/bin/../lib/gcc/arm-none-eabi/8.2.1/../../../../arm-none-eabi/lib/thumb/v6-m/nofp\libc.a
END GROUP
LOAD c:/program files (x86)/gnu tools arm embedded/8 2018-q4-major/bin/../lib/gcc/arm-none-eabi/8.2.1/thumb/v6-m/nofp/crtend.o
LOAD c:/program files (x86)/gnu tools arm embedded/8 2018-q4-major/bin/../lib/gcc/arm-none-eabi/8.2.1/thumb/v6-m/nofp/crtn.o
                0x20002000                _estack = 0x20002000
                0x00000000                _Min_Heap_Size = 0x0
                0x00000080                _Min_Stack_Size = 0x80

.isr_vector     0x08000000       0xc0
                0x08000000                . = ALIGN (0x4)
 *(.isr_vector)
 .isr_vector    0x08000000       0xc0 build\STM32_CMSIS\Device\ST\STM32L0xx\Source\Templates\startup_stm32l053xx.o
                0x08000000                g_pfnVectors
                0x080000c0                . = ALIGN (0x4)

.text           0x080000c0      0x6b0
                0x080000c0                . = ALIGN (0x4)
 *(.text)
 .text          0x080000c0        0x0 c:/program files (x86)/gnu tools arm embedded/8 2018-q4-major/bin/../lib/gcc/arm-none-eabi/8.2.1/thumb/v6-m/nofp/crti.o
 .text          0x080000c0       0x48 c:/program files (x86)/gnu tools arm embedded/8 2018-q4-major/bin/../lib/gcc/arm-none-eabi/8.2.1/thumb/v6-m/nofp/crtbegin.o
 .text          0x08000108       0x78 c:/program files (x86)/gnu tools arm embedded/8 2018-q4-major/bin/../lib/gcc/arm-none-eabi/8.2.1/../../../../arm-none-eabi/lib/thumb/v6-m/nofp/crt0.o
                0x08000108                _start
                0x08000108                _mainCRTStartup
 .text          0x08000180       0x14 build\STM32_CMSIS\Device\ST\STM32L0xx\Source\Templates\startup_stm32l053xx.o
 .text          0x08000194        0x0 build\STM32_CMSIS\Device\ST\STM32L0xx\Source\Templates\system_stm32l0xx.o
 .text          0x08000194        0x0 build\main.o
 .text          0x08000194       0x14 c:/program files (x86)/gnu tools arm embedded/8 2018-q4-major/bin/../lib/gcc/arm-none-eabi/8.2.1/thumb/v6-m/nofp\libgcc.a(_thumb1_case_uqi.o)
                0x08000194                __gnu_thumb1_case_uqi
 .text          0x080001a8      0x114 c:/program files (x86)/gnu tools arm embedded/8 2018-q4-major/bin/../lib/gcc/arm-none-eabi/8.2.1/thumb/v6-m/nofp\libgcc.a(_udivsi3.o)
                0x080001a8                __aeabi_uidiv
                0x080001a8                __udivsi3
                0x080002b4                __aeabi_uidivmod
 .text          0x080002bc      0x1d4 c:/program files (x86)/gnu tools arm embedded/8 2018-q4-major/bin/../lib/gcc/arm-none-eabi/8.2.1/thumb/v6-m/nofp\libgcc.a(_divsi3.o)
                0x080002bc                __divsi3
                0x080002bc                __aeabi_idiv
                0x08000488                __aeabi_idivmod
 .text          0x08000490        0x4 c:/program files (x86)/gnu tools arm embedded/8 2018-q4-major/bin/../lib/gcc/arm-none-eabi/8.2.1/thumb/v6-m/nofp\libgcc.a(_dvmd_tls.o)
                0x08000490                __aeabi_idiv0
                0x08000490                __aeabi_ldiv0
 .text          0x08000494        0x0 c:/program files (x86)/gnu tools arm embedded/8 2018-q4-major/bin/../lib/gcc/arm-none-eabi/8.2.1/../../../../arm-none-eabi/lib/thumb/v6-m/nofp\libc_nano.a(lib_a-exit.o)
 .text          0x08000494        0x0 c:/program files (x86)/gnu tools arm embedded/8 2018-q4-major/bin/../lib/gcc/arm-none-eabi/8.2.1/../../../../arm-none-eabi/lib/thumb/v6-m/nofp\libc_nano.a(lib_a-impure.o)
 .text          0x08000494        0x0 c:/program files (x86)/gnu tools arm embedded/8 2018-q4-major/bin/../lib/gcc/arm-none-eabi/8.2.1/../../../../arm-none-eabi/lib/thumb/v6-m/nofp\libc_nano.a(lib_a-init.o)
 .text          0x08000494        0x0 c:/program files (x86)/gnu tools arm embedded/8 2018-q4-major/bin/../lib/gcc/arm-none-eabi/8.2.1/../../../../arm-none-eabi/lib/thumb/v6-m/nofp\libc_nano.a(lib_a-memset.o)
 .text          0x08000494        0x0 c:/program files (x86)/gnu tools arm embedded/8 2018-q4-major/bin/../lib/gcc/arm-none-eabi/8.2.1/../../../../arm-none-eabi/lib/thumb/v6-m/nofp\libnosys.a(_exit.o)
 .text          0x08000494        0x0 c:/program files (x86)/gnu tools arm embedded/8 2018-q4-major/bin/../lib/gcc/arm-none-eabi/8.2.1/thumb/v6-m/nofp/crtend.o
 .text          0x08000494        0x0 c:/program files (x86)/gnu tools arm embedded/8 2018-q4-major/bin/../lib/gcc/arm-none-eabi/8.2.1/thumb/v6-m/nofp/crtn.o
 *(.text*)
 .text.Reset_Handler
                0x08000494       0x50 build\STM32_CMSIS\Device\ST\STM32L0xx\Source\Templates\startup_stm32l053xx.o
                0x08000494                Reset_Handler
 .text.Default_Handler
                0x080004e4        0x2 build\STM32_CMSIS\Device\ST\STM32L0xx\Source\Templates\startup_stm32l053xx.o
                0x080004e4                TSC_IRQHandler
                0x080004e4                HardFault_Handler
                0x080004e4                ADC1_COMP_IRQHandler
                0x080004e4                SysTick_Handler
                0x080004e4                PVD_IRQHandler
                0x080004e4                PendSV_Handler
                0x080004e4                NMI_Handler
                0x080004e4                I2C1_IRQHandler
                0x080004e4                RCC_CRS_IRQHandler
                0x080004e4                SPI1_IRQHandler
                0x080004e4                TIM6_DAC_IRQHandler
                0x080004e4                EXTI2_3_IRQHandler
                0x080004e4                I2C2_IRQHandler
                0x080004e4                RTC_IRQHandler
                0x080004e4                LCD_IRQHandler
                0x080004e4                DMA1_Channel4_5_6_7_IRQHandler
                0x080004e4                EXTI4_15_IRQHandler
                0x080004e4                DMA1_Channel1_IRQHandler
                0x080004e4                Default_Handler
                0x080004e4                TIM22_IRQHandler
                0x080004e4                EXTI0_1_IRQHandler
                0x080004e4                USB_IRQHandler
                0x080004e4                SPI2_IRQHandler
                0x080004e4                SVC_Handler
                0x080004e4                TIM21_IRQHandler
                0x080004e4                WWDG_IRQHandler
                0x080004e4                TIM2_IRQHandler
                0x080004e4                DMA1_Channel2_3_IRQHandler
                0x080004e4                USART2_IRQHandler
                0x080004e4                FLASH_IRQHandler
                0x080004e4                USART1_IRQHandler
                0x080004e4                RNG_LPUART1_IRQHandler
                0x080004e4                LPTIM1_IRQHandler
 *fill*         0x080004e6        0x2 
 .text.SystemInit
                0x080004e8       0x5c build\STM32_CMSIS\Device\ST\STM32L0xx\Source\Templates\system_stm32l0xx.o
                0x080004e8                SystemInit
 .text.SystemCoreClockUpdate
                0x08000544       0x8c build\STM32_CMSIS\Device\ST\STM32L0xx\Source\Templates\system_stm32l0xx.o
                0x08000544                SystemCoreClockUpdate
 .text.gpio_config
                0x080005d0       0x60 build\main.o
                0x080005d0                gpio_config
 .text.clock_config
                0x08000630       0x78 build\main.o
                0x08000630                clock_config
 .text.startup.main
                0x080006a8       0x24 build\main.o
                0x080006a8                main
 .text.exit     0x080006cc       0x2c c:/program files (x86)/gnu tools arm embedded/8 2018-q4-major/bin/../lib/gcc/arm-none-eabi/8.2.1/../../../../arm-none-eabi/lib/thumb/v6-m/nofp\libc_nano.a(lib_a-exit.o)
                0x080006cc                exit
 .text.__libc_init_array
                0x080006f8       0x48 c:/program files (x86)/gnu tools arm embedded/8 2018-q4-major/bin/../lib/gcc/arm-none-eabi/8.2.1/../../../../arm-none-eabi/lib/thumb/v6-m/nofp\libc_nano.a(lib_a-init.o)
                0x080006f8                __libc_init_array
 .text.memset   0x08000740       0x10 c:/program files (x86)/gnu tools arm embedded/8 2018-q4-major/bin/../lib/gcc/arm-none-eabi/8.2.1/../../../../arm-none-eabi/lib/thumb/v6-m/nofp\libc_nano.a(lib_a-memset.o)
                0x08000740                memset
 .text._exit    0x08000750        0x4 c:/program files (x86)/gnu tools arm embedded/8 2018-q4-major/bin/../lib/gcc/arm-none-eabi/8.2.1/../../../../arm-none-eabi/lib/thumb/v6-m/nofp\libnosys.a(_exit.o)
                0x08000750                _exit
 *(.glue_7)
 .glue_7        0x08000754        0x0 linker stubs
 *(.glue_7t)
 .glue_7t       0x08000754        0x0 linker stubs
 *(.eh_frame)
 .eh_frame      0x08000754        0x0 c:/program files (x86)/gnu tools arm embedded/8 2018-q4-major/bin/../lib/gcc/arm-none-eabi/8.2.1/thumb/v6-m/nofp/crtbegin.o
 .eh_frame      0x08000754        0x4 c:/program files (x86)/gnu tools arm embedded/8 2018-q4-major/bin/../lib/gcc/arm-none-eabi/8.2.1/thumb/v6-m/nofp/crtend.o
 *(.init)
 .init          0x08000758        0x4 c:/program files (x86)/gnu tools arm embedded/8 2018-q4-major/bin/../lib/gcc/arm-none-eabi/8.2.1/thumb/v6-m/nofp/crti.o
                0x08000758                _init
 .init          0x0800075c        0x8 c:/program files (x86)/gnu tools arm embedded/8 2018-q4-major/bin/../lib/gcc/arm-none-eabi/8.2.1/thumb/v6-m/nofp/crtn.o
 *(.fini)
 .fini          0x08000764        0x4 c:/program files (x86)/gnu tools arm embedded/8 2018-q4-major/bin/../lib/gcc/arm-none-eabi/8.2.1/thumb/v6-m/nofp/crti.o
                0x08000764                _fini
 .fini          0x08000768        0x8 c:/program files (x86)/gnu tools arm embedded/8 2018-q4-major/bin/../lib/gcc/arm-none-eabi/8.2.1/thumb/v6-m/nofp/crtn.o
                0x08000770                . = ALIGN (0x4)
                0x08000770                _etext = .

.vfp11_veneer   0x08000770        0x0
 .vfp11_veneer  0x08000770        0x0 linker stubs

.v4_bx          0x08000770        0x0
 .v4_bx         0x08000770        0x0 linker stubs

.iplt           0x08000770        0x0
 .iplt          0x08000770        0x0 c:/program files (x86)/gnu tools arm embedded/8 2018-q4-major/bin/../lib/gcc/arm-none-eabi/8.2.1/thumb/v6-m/nofp/crtbegin.o

.rodata         0x08000770       0x28
                0x08000770                . = ALIGN (0x4)
 *(.rodata)
 *(.rodata*)
 .rodata.AHBPrescTable
                0x08000770       0x10 build\STM32_CMSIS\Device\ST\STM32L0xx\Source\Templates\system_stm32l0xx.o
                0x08000770                AHBPrescTable
 .rodata.APBPrescTable
                0x08000780        0x8 build\STM32_CMSIS\Device\ST\STM32L0xx\Source\Templates\system_stm32l0xx.o
                0x08000780                APBPrescTable
 .rodata.PLLMulTable
                0x08000788        0x9 build\STM32_CMSIS\Device\ST\STM32L0xx\Source\Templates\system_stm32l0xx.o
                0x08000788                PLLMulTable
 *fill*         0x08000791        0x3 
 .rodata._global_impure_ptr
                0x08000794        0x4 c:/program files (x86)/gnu tools arm embedded/8 2018-q4-major/bin/../lib/gcc/arm-none-eabi/8.2.1/../../../../arm-none-eabi/lib/thumb/v6-m/nofp\libc_nano.a(lib_a-impure.o)
                0x08000794                _global_impure_ptr
                0x08000798                . = ALIGN (0x4)

.ARM.extab      0x08000798        0x0
 *(.ARM.extab* .gnu.linkonce.armextab.*)
 .ARM.extab     0x08000798        0x0 c:/program files (x86)/gnu tools arm embedded/8 2018-q4-major/bin/../lib/gcc/arm-none-eabi/8.2.1/../../../../arm-none-eabi/lib/thumb/v6-m/nofp/crt0.o

.ARM            0x08000798        0x8
                0x08000798                __exidx_start = .
 *(.ARM.exidx*)
 .ARM.exidx     0x08000798        0x8 c:/program files (x86)/gnu tools arm embedded/8 2018-q4-major/bin/../lib/gcc/arm-none-eabi/8.2.1/../../../../arm-none-eabi/lib/thumb/v6-m/nofp/crt0.o
                0x080007a0                __exidx_end = .

.rel.dyn        0x080007a0        0x0
 .rel.iplt      0x080007a0        0x0 c:/program files (x86)/gnu tools arm embedded/8 2018-q4-major/bin/../lib/gcc/arm-none-eabi/8.2.1/thumb/v6-m/nofp/crtbegin.o

.preinit_array  0x080007a0        0x0
                0x080007a0                PROVIDE (__preinit_array_start = .)
 *(.preinit_array*)
                0x080007a0                PROVIDE (__preinit_array_end = .)

.init_array     0x080007a0        0x4
                0x080007a0                PROVIDE (__init_array_start = .)
 *(SORT_BY_NAME(.init_array.*))
 *(.init_array*)
 .init_array    0x080007a0        0x4 c:/program files (x86)/gnu tools arm embedded/8 2018-q4-major/bin/../lib/gcc/arm-none-eabi/8.2.1/thumb/v6-m/nofp/crtbegin.o
                0x080007a4                PROVIDE (__init_array_end = .)

.fini_array     0x080007a4        0x4
                [!provide]                PROVIDE (__fini_array_start = .)
 *(SORT_BY_NAME(.fini_array.*))
 *(.fini_array*)
 .fini_array    0x080007a4        0x4 c:/program files (x86)/gnu tools arm embedded/8 2018-q4-major/bin/../lib/gcc/arm-none-eabi/8.2.1/thumb/v6-m/nofp/crtbegin.o
                [!provide]                PROVIDE (__fini_array_end = .)
                0x080007a8                _sidata = LOADADDR (.data)

.data           0x20000000       0x6c load address 0x080007a8
                0x20000000                . = ALIGN (0x4)
                0x20000000                _sdata = .
 *(.data)
 .data          0x20000000        0x0 c:/program files (x86)/gnu tools arm embedded/8 2018-q4-major/bin/../lib/gcc/arm-none-eabi/8.2.1/thumb/v6-m/nofp/crti.o
 .data          0x20000000        0x4 c:/program files (x86)/gnu tools arm embedded/8 2018-q4-major/bin/../lib/gcc/arm-none-eabi/8.2.1/thumb/v6-m/nofp/crtbegin.o
                0x20000000                __dso_handle
 .data          0x20000004        0x0 c:/program files (x86)/gnu tools arm embedded/8 2018-q4-major/bin/../lib/gcc/arm-none-eabi/8.2.1/../../../../arm-none-eabi/lib/thumb/v6-m/nofp/crt0.o
 .data          0x20000004        0x0 build\STM32_CMSIS\Device\ST\STM32L0xx\Source\Templates\startup_stm32l053xx.o
 .data          0x20000004        0x0 build\STM32_CMSIS\Device\ST\STM32L0xx\Source\Templates\system_stm32l0xx.o
 .data          0x20000004        0x0 build\main.o
 .data          0x20000004        0x0 c:/program files (x86)/gnu tools arm embedded/8 2018-q4-major/bin/../lib/gcc/arm-none-eabi/8.2.1/thumb/v6-m/nofp\libgcc.a(_thumb1_case_uqi.o)
 .data          0x20000004        0x0 c:/program files (x86)/gnu tools arm embedded/8 2018-q4-major/bin/../lib/gcc/arm-none-eabi/8.2.1/thumb/v6-m/nofp\libgcc.a(_udivsi3.o)
 .data          0x20000004        0x0 c:/program files (x86)/gnu tools arm embedded/8 2018-q4-major/bin/../lib/gcc/arm-none-eabi/8.2.1/thumb/v6-m/nofp\libgcc.a(_divsi3.o)
 .data          0x20000004        0x0 c:/program files (x86)/gnu tools arm embedded/8 2018-q4-major/bin/../lib/gcc/arm-none-eabi/8.2.1/thumb/v6-m/nofp\libgcc.a(_dvmd_tls.o)
 .data          0x20000004        0x0 c:/program files (x86)/gnu tools arm embedded/8 2018-q4-major/bin/../lib/gcc/arm-none-eabi/8.2.1/../../../../arm-none-eabi/lib/thumb/v6-m/nofp\libc_nano.a(lib_a-exit.o)
 .data          0x20000004        0x0 c:/program files (x86)/gnu tools arm embedded/8 2018-q4-major/bin/../lib/gcc/arm-none-eabi/8.2.1/../../../../arm-none-eabi/lib/thumb/v6-m/nofp\libc_nano.a(lib_a-impure.o)
 .data          0x20000004        0x0 c:/program files (x86)/gnu tools arm embedded/8 2018-q4-major/bin/../lib/gcc/arm-none-eabi/8.2.1/../../../../arm-none-eabi/lib/thumb/v6-m/nofp\libc_nano.a(lib_a-init.o)
 .data          0x20000004        0x0 c:/program files (x86)/gnu tools arm embedded/8 2018-q4-major/bin/../lib/gcc/arm-none-eabi/8.2.1/../../../../arm-none-eabi/lib/thumb/v6-m/nofp\libc_nano.a(lib_a-memset.o)
 .data          0x20000004        0x0 c:/program files (x86)/gnu tools arm embedded/8 2018-q4-major/bin/../lib/gcc/arm-none-eabi/8.2.1/../../../../arm-none-eabi/lib/thumb/v6-m/nofp\libnosys.a(_exit.o)
 .data          0x20000004        0x0 c:/program files (x86)/gnu tools arm embedded/8 2018-q4-major/bin/../lib/gcc/arm-none-eabi/8.2.1/thumb/v6-m/nofp/crtend.o
 .data          0x20000004        0x0 c:/program files (x86)/gnu tools arm embedded/8 2018-q4-major/bin/../lib/gcc/arm-none-eabi/8.2.1/thumb/v6-m/nofp/crtn.o
 *(.data*)
 .data.SystemCoreClock
                0x20000004        0x4 build\STM32_CMSIS\Device\ST\STM32L0xx\Source\Templates\system_stm32l0xx.o
                0x20000004                SystemCoreClock
 .data._impure_ptr
                0x20000008        0x4 c:/program files (x86)/gnu tools arm embedded/8 2018-q4-major/bin/../lib/gcc/arm-none-eabi/8.2.1/../../../../arm-none-eabi/lib/thumb/v6-m/nofp\libc_nano.a(lib_a-impure.o)
                0x20000008                _impure_ptr
 .data.impure_data
                0x2000000c       0x60 c:/program files (x86)/gnu tools arm embedded/8 2018-q4-major/bin/../lib/gcc/arm-none-eabi/8.2.1/../../../../arm-none-eabi/lib/thumb/v6-m/nofp\libc_nano.a(lib_a-impure.o)
                0x2000006c                . = ALIGN (0x4)
                0x2000006c                _edata = .

.igot.plt       0x2000006c        0x0 load address 0x08000814
 .igot.plt      0x2000006c        0x0 c:/program files (x86)/gnu tools arm embedded/8 2018-q4-major/bin/../lib/gcc/arm-none-eabi/8.2.1/thumb/v6-m/nofp/crtbegin.o
                0x2000006c                . = ALIGN (0x4)

.bss            0x2000006c       0x20 load address 0x08000814
                0x2000006c                _sbss = .
                0x2000006c                __bss_start__ = _sbss
 *(.bss)
 .bss           0x2000006c        0x0 c:/program files (x86)/gnu tools arm embedded/8 2018-q4-major/bin/../lib/gcc/arm-none-eabi/8.2.1/thumb/v6-m/nofp/crti.o
 .bss           0x2000006c       0x1c c:/program files (x86)/gnu tools arm embedded/8 2018-q4-major/bin/../lib/gcc/arm-none-eabi/8.2.1/thumb/v6-m/nofp/crtbegin.o
 .bss           0x20000088        0x0 c:/program files (x86)/gnu tools arm embedded/8 2018-q4-major/bin/../lib/gcc/arm-none-eabi/8.2.1/../../../../arm-none-eabi/lib/thumb/v6-m/nofp/crt0.o
 .bss           0x20000088        0x0 build\STM32_CMSIS\Device\ST\STM32L0xx\Source\Templates\startup_stm32l053xx.o
 .bss           0x20000088        0x0 build\STM32_CMSIS\Device\ST\STM32L0xx\Source\Templates\system_stm32l0xx.o
 .bss           0x20000088        0x0 build\main.o
 .bss           0x20000088        0x0 c:/program files (x86)/gnu tools arm embedded/8 2018-q4-major/bin/../lib/gcc/arm-none-eabi/8.2.1/thumb/v6-m/nofp\libgcc.a(_thumb1_case_uqi.o)
 .bss           0x20000088        0x0 c:/program files (x86)/gnu tools arm embedded/8 2018-q4-major/bin/../lib/gcc/arm-none-eabi/8.2.1/thumb/v6-m/nofp\libgcc.a(_udivsi3.o)
 .bss           0x20000088        0x0 c:/program files (x86)/gnu tools arm embedded/8 2018-q4-major/bin/../lib/gcc/arm-none-eabi/8.2.1/thumb/v6-m/nofp\libgcc.a(_divsi3.o)
 .bss           0x20000088        0x0 c:/program files (x86)/gnu tools arm embedded/8 2018-q4-major/bin/../lib/gcc/arm-none-eabi/8.2.1/thumb/v6-m/nofp\libgcc.a(_dvmd_tls.o)
 .bss           0x20000088        0x0 c:/program files (x86)/gnu tools arm embedded/8 2018-q4-major/bin/../lib/gcc/arm-none-eabi/8.2.1/../../../../arm-none-eabi/lib/thumb/v6-m/nofp\libc_nano.a(lib_a-exit.o)
 .bss           0x20000088        0x0 c:/program files (x86)/gnu tools arm embedded/8 2018-q4-major/bin/../lib/gcc/arm-none-eabi/8.2.1/../../../../arm-none-eabi/lib/thumb/v6-m/nofp\libc_nano.a(lib_a-impure.o)
 .bss           0x20000088        0x0 c:/program files (x86)/gnu tools arm embedded/8 2018-q4-major/bin/../lib/gcc/arm-none-eabi/8.2.1/../../../../arm-none-eabi/lib/thumb/v6-m/nofp\libc_nano.a(lib_a-init.o)
 .bss           0x20000088        0x0 c:/program files (x86)/gnu tools arm embedded/8 2018-q4-major/bin/../lib/gcc/arm-none-eabi/8.2.1/../../../../arm-none-eabi/lib/thumb/v6-m/nofp\libc_nano.a(lib_a-memset.o)
 .bss           0x20000088        0x0 c:/program files (x86)/gnu tools arm embedded/8 2018-q4-major/bin/../lib/gcc/arm-none-eabi/8.2.1/../../../../arm-none-eabi/lib/thumb/v6-m/nofp\libnosys.a(_exit.o)
 .bss           0x20000088        0x0 c:/program files (x86)/gnu tools arm embedded/8 2018-q4-major/bin/../lib/gcc/arm-none-eabi/8.2.1/thumb/v6-m/nofp/crtend.o
 .bss           0x20000088        0x0 c:/program files (x86)/gnu tools arm embedded/8 2018-q4-major/bin/../lib/gcc/arm-none-eabi/8.2.1/thumb/v6-m/nofp/crtn.o
 *(.bss*)
 .bss.i         0x20000088        0x4 build\main.o
                0x20000088                i
 *(COMMON)
                0x2000008c                . = ALIGN (0x4)
                0x2000008c                _ebss = .
                0x2000008c                __bss_end__ = _ebss

._user_heap_stack
                0x2000008c       0x80 load address 0x08000814
                0x2000008c                . = ALIGN (0x4)
                [!provide]                PROVIDE (end = .)
                [!provide]                PROVIDE (_end = .)
                0x2000008c                . = (. + _Min_Heap_Size)
                0x2000010c                . = (. + _Min_Stack_Size)
 *fill*         0x2000008c       0x80 
                0x2000010c                . = ALIGN (0x4)

.memory_b1_text
 *(.mb1text)
 *(.mb1text*)
 *(.mb1rodata)
 *(.mb1rodata*)

/DISCARD/
 libc.a(*)
 libm.a(*)
 libgcc.a(*)

.ARM.attributes
                0x00000000       0x28
 *(.ARM.attributes)
 .ARM.attributes
                0x00000000       0x1e c:/program files (x86)/gnu tools arm embedded/8 2018-q4-major/bin/../lib/gcc/arm-none-eabi/8.2.1/thumb/v6-m/nofp/crti.o
 .ARM.attributes
                0x0000001e       0x2c c:/program files (x86)/gnu tools arm embedded/8 2018-q4-major/bin/../lib/gcc/arm-none-eabi/8.2.1/thumb/v6-m/nofp/crtbegin.o
 .ARM.attributes
                0x0000004a       0x1b c:/program files (x86)/gnu tools arm embedded/8 2018-q4-major/bin/../lib/gcc/arm-none-eabi/8.2.1/../../../../arm-none-eabi/lib/thumb/v6-m/nofp/crt0.o
 .ARM.attributes
                0x00000065       0x22 build\STM32_CMSIS\Device\ST\STM32L0xx\Source\Templates\startup_stm32l053xx.o
 .ARM.attributes
                0x00000087       0x2c build\STM32_CMSIS\Device\ST\STM32L0xx\Source\Templates\system_stm32l0xx.o
 .ARM.attributes
                0x000000b3       0x2c build\main.o
 .ARM.attributes
                0x000000df       0x1e c:/program files (x86)/gnu tools arm embedded/8 2018-q4-major/bin/../lib/gcc/arm-none-eabi/8.2.1/thumb/v6-m/nofp\libgcc.a(_thumb1_case_uqi.o)
 .ARM.attributes
                0x000000fd       0x1e c:/program files (x86)/gnu tools arm embedded/8 2018-q4-major/bin/../lib/gcc/arm-none-eabi/8.2.1/thumb/v6-m/nofp\libgcc.a(_udivsi3.o)
 .ARM.attributes
                0x0000011b       0x1e c:/program files (x86)/gnu tools arm embedded/8 2018-q4-major/bin/../lib/gcc/arm-none-eabi/8.2.1/thumb/v6-m/nofp\libgcc.a(_divsi3.o)
 .ARM.attributes
                0x00000139       0x1e c:/program files (x86)/gnu tools arm embedded/8 2018-q4-major/bin/../lib/gcc/arm-none-eabi/8.2.1/thumb/v6-m/nofp\libgcc.a(_dvmd_tls.o)
 .ARM.attributes
                0x00000157       0x2c c:/program files (x86)/gnu tools arm embedded/8 2018-q4-major/bin/../lib/gcc/arm-none-eabi/8.2.1/../../../../arm-none-eabi/lib/thumb/v6-m/nofp\libc_nano.a(lib_a-exit.o)
 .ARM.attributes
                0x00000183       0x2c c:/program files (x86)/gnu tools arm embedded/8 2018-q4-major/bin/../lib/gcc/arm-none-eabi/8.2.1/../../../../arm-none-eabi/lib/thumb/v6-m/nofp\libc_nano.a(lib_a-impure.o)
 .ARM.attributes
                0x000001af       0x2c c:/program files (x86)/gnu tools arm embedded/8 2018-q4-major/bin/../lib/gcc/arm-none-eabi/8.2.1/../../../../arm-none-eabi/lib/thumb/v6-m/nofp\libc_nano.a(lib_a-init.o)
 .ARM.attributes
                0x000001db       0x2c c:/program files (x86)/gnu tools arm embedded/8 2018-q4-major/bin/../lib/gcc/arm-none-eabi/8.2.1/../../../../arm-none-eabi/lib/thumb/v6-m/nofp\libc_nano.a(lib_a-memset.o)
 .ARM.attributes
                0x00000207       0x2c c:/program files (x86)/gnu tools arm embedded/8 2018-q4-major/bin/../lib/gcc/arm-none-eabi/8.2.1/../../../../arm-none-eabi/lib/thumb/v6-m/nofp\libnosys.a(_exit.o)
 .ARM.attributes
                0x00000233       0x2c c:/program files (x86)/gnu tools arm embedded/8 2018-q4-major/bin/../lib/gcc/arm-none-eabi/8.2.1/thumb/v6-m/nofp/crtend.o
 .ARM.attributes
                0x0000025f       0x1e c:/program files (x86)/gnu tools arm embedded/8 2018-q4-major/bin/../lib/gcc/arm-none-eabi/8.2.1/thumb/v6-m/nofp/crtn.o
OUTPUT(build\myPrg.elf elf32-littlearm)

.debug_info     0x00000000      0x74b
 .debug_info    0x00000000      0x3c7 build\STM32_CMSIS\Device\ST\STM32L0xx\Source\Templates\system_stm32l0xx.o
 .debug_info    0x000003c7      0x384 build\main.o

.debug_abbrev   0x00000000      0x24e
 .debug_abbrev  0x00000000      0x119 build\STM32_CMSIS\Device\ST\STM32L0xx\Source\Templates\system_stm32l0xx.o
 .debug_abbrev  0x00000119      0x135 build\main.o

.debug_loc      0x00000000      0x1b3
 .debug_loc     0x00000000      0x1b3 build\STM32_CMSIS\Device\ST\STM32L0xx\Source\Templates\system_stm32l0xx.o

.debug_aranges  0x00000000       0x58
 .debug_aranges
                0x00000000       0x28 build\STM32_CMSIS\Device\ST\STM32L0xx\Source\Templates\system_stm32l0xx.o
 .debug_aranges
                0x00000028       0x30 build\main.o

.debug_ranges   0x00000000       0x50
 .debug_ranges  0x00000000       0x18 build\STM32_CMSIS\Device\ST\STM32L0xx\Source\Templates\system_stm32l0xx.o
 .debug_ranges  0x00000018       0x38 build\main.o

.debug_line     0x00000000      0x5bf
 .debug_line    0x00000000      0x2ff build\STM32_CMSIS\Device\ST\STM32L0xx\Source\Templates\system_stm32l0xx.o
 .debug_line    0x000002ff      0x2c0 build\main.o

.debug_str      0x00000000      0x323
 .debug_str     0x00000000      0x2c6 build\STM32_CMSIS\Device\ST\STM32L0xx\Source\Templates\system_stm32l0xx.o
                                0x30b (size before relaxing)
 .debug_str     0x000002c6       0x5d build\main.o
                                0x2ad (size before relaxing)

.comment        0x00000000       0x75
 .comment       0x00000000       0x75 build\STM32_CMSIS\Device\ST\STM32L0xx\Source\Templates\system_stm32l0xx.o
                                 0x76 (size before relaxing)
 .comment       0x00000075       0x76 build\main.o

.debug_frame    0x00000000      0x160
 .debug_frame   0x00000000       0x40 build\STM32_CMSIS\Device\ST\STM32L0xx\Source\Templates\system_stm32l0xx.o
 .debug_frame   0x00000040       0x4c build\main.o
 .debug_frame   0x0000008c       0x20 c:/program files (x86)/gnu tools arm embedded/8 2018-q4-major/bin/../lib/gcc/arm-none-eabi/8.2.1/thumb/v6-m/nofp\libgcc.a(_udivsi3.o)
 .debug_frame   0x000000ac       0x20 c:/program files (x86)/gnu tools arm embedded/8 2018-q4-major/bin/../lib/gcc/arm-none-eabi/8.2.1/thumb/v6-m/nofp\libgcc.a(_divsi3.o)
 .debug_frame   0x000000cc       0x28 c:/program files (x86)/gnu tools arm embedded/8 2018-q4-major/bin/../lib/gcc/arm-none-eabi/8.2.1/../../../../arm-none-eabi/lib/thumb/v6-m/nofp\libc_nano.a(lib_a-exit.o)
 .debug_frame   0x000000f4       0x2c c:/program files (x86)/gnu tools arm embedded/8 2018-q4-major/bin/../lib/gcc/arm-none-eabi/8.2.1/../../../../arm-none-eabi/lib/thumb/v6-m/nofp\libc_nano.a(lib_a-init.o)
 .debug_frame   0x00000120       0x20 c:/program files (x86)/gnu tools arm embedded/8 2018-q4-major/bin/../lib/gcc/arm-none-eabi/8.2.1/../../../../arm-none-eabi/lib/thumb/v6-m/nofp\libc_nano.a(lib_a-memset.o)
 .debug_frame   0x00000140       0x20 c:/program files (x86)/gnu tools arm embedded/8 2018-q4-major/bin/../lib/gcc/arm-none-eabi/8.2.1/../../../../arm-none-eabi/lib/thumb/v6-m/nofp\libnosys.a(_exit.o)

Cross Reference Table

Symbol                                            File
ADC1_COMP_IRQHandler                              build\STM32_CMSIS\Device\ST\STM32L0xx\Source\Templates\startup_stm32l053xx.o
AHBPrescTable                                     build\STM32_CMSIS\Device\ST\STM32L0xx\Source\Templates\system_stm32l0xx.o
APBPrescTable                                     build\STM32_CMSIS\Device\ST\STM32L0xx\Source\Templates\system_stm32l0xx.o
DMA1_Channel1_IRQHandler                          build\STM32_CMSIS\Device\ST\STM32L0xx\Source\Templates\startup_stm32l053xx.o
DMA1_Channel2_3_IRQHandler                        build\STM32_CMSIS\Device\ST\STM32L0xx\Source\Templates\startup_stm32l053xx.o
DMA1_Channel4_5_6_7_IRQHandler                    build\STM32_CMSIS\Device\ST\STM32L0xx\Source\Templates\startup_stm32l053xx.o
Default_Handler                                   build\STM32_CMSIS\Device\ST\STM32L0xx\Source\Templates\startup_stm32l053xx.o
EXTI0_1_IRQHandler                                build\STM32_CMSIS\Device\ST\STM32L0xx\Source\Templates\startup_stm32l053xx.o
EXTI2_3_IRQHandler                                build\STM32_CMSIS\Device\ST\STM32L0xx\Source\Templates\startup_stm32l053xx.o
EXTI4_15_IRQHandler                               build\STM32_CMSIS\Device\ST\STM32L0xx\Source\Templates\startup_stm32l053xx.o
FLASH_IRQHandler                                  build\STM32_CMSIS\Device\ST\STM32L0xx\Source\Templates\startup_stm32l053xx.o
HardFault_Handler                                 build\STM32_CMSIS\Device\ST\STM32L0xx\Source\Templates\startup_stm32l053xx.o
I2C1_IRQHandler                                   build\STM32_CMSIS\Device\ST\STM32L0xx\Source\Templates\startup_stm32l053xx.o
I2C2_IRQHandler                                   build\STM32_CMSIS\Device\ST\STM32L0xx\Source\Templates\startup_stm32l053xx.o
LCD_IRQHandler                                    build\STM32_CMSIS\Device\ST\STM32L0xx\Source\Templates\startup_stm32l053xx.o
LPTIM1_IRQHandler                                 build\STM32_CMSIS\Device\ST\STM32L0xx\Source\Templates\startup_stm32l053xx.o
NMI_Handler                                       build\STM32_CMSIS\Device\ST\STM32L0xx\Source\Templates\startup_stm32l053xx.o
PLLMulTable                                       build\STM32_CMSIS\Device\ST\STM32L0xx\Source\Templates\system_stm32l0xx.o
PVD_IRQHandler                                    build\STM32_CMSIS\Device\ST\STM32L0xx\Source\Templates\startup_stm32l053xx.o
PendSV_Handler                                    build\STM32_CMSIS\Device\ST\STM32L0xx\Source\Templates\startup_stm32l053xx.o
RCC_CRS_IRQHandler                                build\STM32_CMSIS\Device\ST\STM32L0xx\Source\Templates\startup_stm32l053xx.o
RNG_LPUART1_IRQHandler                            build\STM32_CMSIS\Device\ST\STM32L0xx\Source\Templates\startup_stm32l053xx.o
RTC_IRQHandler                                    build\STM32_CMSIS\Device\ST\STM32L0xx\Source\Templates\startup_stm32l053xx.o
Reset_Handler                                     build\STM32_CMSIS\Device\ST\STM32L0xx\Source\Templates\startup_stm32l053xx.o
SPI1_IRQHandler                                   build\STM32_CMSIS\Device\ST\STM32L0xx\Source\Templates\startup_stm32l053xx.o
SPI2_IRQHandler                                   build\STM32_CMSIS\Device\ST\STM32L0xx\Source\Templates\startup_stm32l053xx.o
SVC_Handler                                       build\STM32_CMSIS\Device\ST\STM32L0xx\Source\Templates\startup_stm32l053xx.o
SysTick_Handler                                   build\STM32_CMSIS\Device\ST\STM32L0xx\Source\Templates\startup_stm32l053xx.o
SystemCoreClock                                   build\STM32_CMSIS\Device\ST\STM32L0xx\Source\Templates\system_stm32l0xx.o
SystemCoreClockUpdate                             build\STM32_CMSIS\Device\ST\STM32L0xx\Source\Templates\system_stm32l0xx.o
SystemInit                                        build\STM32_CMSIS\Device\ST\STM32L0xx\Source\Templates\system_stm32l0xx.o
                                                  build\STM32_CMSIS\Device\ST\STM32L0xx\Source\Templates\startup_stm32l053xx.o
TIM21_IRQHandler                                  build\STM32_CMSIS\Device\ST\STM32L0xx\Source\Templates\startup_stm32l053xx.o
TIM22_IRQHandler                                  build\STM32_CMSIS\Device\ST\STM32L0xx\Source\Templates\startup_stm32l053xx.o
TIM2_IRQHandler                                   build\STM32_CMSIS\Device\ST\STM32L0xx\Source\Templates\startup_stm32l053xx.o
TIM6_DAC_IRQHandler                               build\STM32_CMSIS\Device\ST\STM32L0xx\Source\Templates\startup_stm32l053xx.o
TSC_IRQHandler                                    build\STM32_CMSIS\Device\ST\STM32L0xx\Source\Templates\startup_stm32l053xx.o
USART1_IRQHandler                                 build\STM32_CMSIS\Device\ST\STM32L0xx\Source\Templates\startup_stm32l053xx.o
USART2_IRQHandler                                 build\STM32_CMSIS\Device\ST\STM32L0xx\Source\Templates\startup_stm32l053xx.o
USB_IRQHandler                                    build\STM32_CMSIS\Device\ST\STM32L0xx\Source\Templates\startup_stm32l053xx.o
WWDG_IRQHandler                                   build\STM32_CMSIS\Device\ST\STM32L0xx\Source\Templates\startup_stm32l053xx.o
__aeabi_idiv                                      c:/program files (x86)/gnu tools arm embedded/8 2018-q4-major/bin/../lib/gcc/arm-none-eabi/8.2.1/thumb/v6-m/nofp\libgcc.a(_divsi3.o)
                                                  build\STM32_CMSIS\Device\ST\STM32L0xx\Source\Templates\system_stm32l0xx.o
__aeabi_idiv0                                     c:/program files (x86)/gnu tools arm embedded/8 2018-q4-major/bin/../lib/gcc/arm-none-eabi/8.2.1/thumb/v6-m/nofp\libgcc.a(_dvmd_tls.o)
                                                  c:/program files (x86)/gnu tools arm embedded/8 2018-q4-major/bin/../lib/gcc/arm-none-eabi/8.2.1/thumb/v6-m/nofp\libgcc.a(_divsi3.o)
                                                  c:/program files (x86)/gnu tools arm embedded/8 2018-q4-major/bin/../lib/gcc/arm-none-eabi/8.2.1/thumb/v6-m/nofp\libgcc.a(_udivsi3.o)
__aeabi_idivmod                                   c:/program files (x86)/gnu tools arm embedded/8 2018-q4-major/bin/../lib/gcc/arm-none-eabi/8.2.1/thumb/v6-m/nofp\libgcc.a(_divsi3.o)
__aeabi_ldiv0                                     c:/program files (x86)/gnu tools arm embedded/8 2018-q4-major/bin/../lib/gcc/arm-none-eabi/8.2.1/thumb/v6-m/nofp\libgcc.a(_dvmd_tls.o)
__aeabi_uidiv                                     c:/program files (x86)/gnu tools arm embedded/8 2018-q4-major/bin/../lib/gcc/arm-none-eabi/8.2.1/thumb/v6-m/nofp\libgcc.a(_udivsi3.o)
                                                  build\STM32_CMSIS\Device\ST\STM32L0xx\Source\Templates\system_stm32l0xx.o
__aeabi_uidivmod                                  c:/program files (x86)/gnu tools arm embedded/8 2018-q4-major/bin/../lib/gcc/arm-none-eabi/8.2.1/thumb/v6-m/nofp\libgcc.a(_udivsi3.o)
__bss_end__                                       c:/program files (x86)/gnu tools arm embedded/8 2018-q4-major/bin/../lib/gcc/arm-none-eabi/8.2.1/../../../../arm-none-eabi/lib/thumb/v6-m/nofp/crt0.o
__bss_start__                                     c:/program files (x86)/gnu tools arm embedded/8 2018-q4-major/bin/../lib/gcc/arm-none-eabi/8.2.1/../../../../arm-none-eabi/lib/thumb/v6-m/nofp/crt0.o
__call_exitprocs                                  c:/program files (x86)/gnu tools arm embedded/8 2018-q4-major/bin/../lib/gcc/arm-none-eabi/8.2.1/../../../../arm-none-eabi/lib/thumb/v6-m/nofp\libc_nano.a(lib_a-exit.o)
__deregister_frame_info                           c:/program files (x86)/gnu tools arm embedded/8 2018-q4-major/bin/../lib/gcc/arm-none-eabi/8.2.1/thumb/v6-m/nofp/crtbegin.o
__divsi3                                          c:/program files (x86)/gnu tools arm embedded/8 2018-q4-major/bin/../lib/gcc/arm-none-eabi/8.2.1/thumb/v6-m/nofp\libgcc.a(_divsi3.o)
__dso_handle                                      c:/program files (x86)/gnu tools arm embedded/8 2018-q4-major/bin/../lib/gcc/arm-none-eabi/8.2.1/thumb/v6-m/nofp/crtbegin.o
__gnu_thumb1_case_uqi                             c:/program files (x86)/gnu tools arm embedded/8 2018-q4-major/bin/../lib/gcc/arm-none-eabi/8.2.1/thumb/v6-m/nofp\libgcc.a(_thumb1_case_uqi.o)
                                                  build\STM32_CMSIS\Device\ST\STM32L0xx\Source\Templates\system_stm32l0xx.o
__init_array_end                                  c:/program files (x86)/gnu tools arm embedded/8 2018-q4-major/bin/../lib/gcc/arm-none-eabi/8.2.1/../../../../arm-none-eabi/lib/thumb/v6-m/nofp\libc_nano.a(lib_a-init.o)
__init_array_start                                c:/program files (x86)/gnu tools arm embedded/8 2018-q4-major/bin/../lib/gcc/arm-none-eabi/8.2.1/../../../../arm-none-eabi/lib/thumb/v6-m/nofp\libc_nano.a(lib_a-init.o)
__libc_fini_array                                 c:/program files (x86)/gnu tools arm embedded/8 2018-q4-major/bin/../lib/gcc/arm-none-eabi/8.2.1/../../../../arm-none-eabi/lib/thumb/v6-m/nofp/crt0.o
__libc_init_array                                 c:/program files (x86)/gnu tools arm embedded/8 2018-q4-major/bin/../lib/gcc/arm-none-eabi/8.2.1/../../../../arm-none-eabi/lib/thumb/v6-m/nofp\libc_nano.a(lib_a-init.o)
                                                  build\STM32_CMSIS\Device\ST\STM32L0xx\Source\Templates\startup_stm32l053xx.o
                                                  c:/program files (x86)/gnu tools arm embedded/8 2018-q4-major/bin/../lib/gcc/arm-none-eabi/8.2.1/../../../../arm-none-eabi/lib/thumb/v6-m/nofp/crt0.o
__preinit_array_end                               c:/program files (x86)/gnu tools arm embedded/8 2018-q4-major/bin/../lib/gcc/arm-none-eabi/8.2.1/../../../../arm-none-eabi/lib/thumb/v6-m/nofp\libc_nano.a(lib_a-init.o)
__preinit_array_start                             c:/program files (x86)/gnu tools arm embedded/8 2018-q4-major/bin/../lib/gcc/arm-none-eabi/8.2.1/../../../../arm-none-eabi/lib/thumb/v6-m/nofp\libc_nano.a(lib_a-init.o)
__register_frame_info                             c:/program files (x86)/gnu tools arm embedded/8 2018-q4-major/bin/../lib/gcc/arm-none-eabi/8.2.1/thumb/v6-m/nofp/crtbegin.o
__sf_fake_stderr                                  c:/program files (x86)/gnu tools arm embedded/8 2018-q4-major/bin/../lib/gcc/arm-none-eabi/8.2.1/../../../../arm-none-eabi/lib/thumb/v6-m/nofp\libc_nano.a(lib_a-impure.o)
__sf_fake_stdin                                   c:/program files (x86)/gnu tools arm embedded/8 2018-q4-major/bin/../lib/gcc/arm-none-eabi/8.2.1/../../../../arm-none-eabi/lib/thumb/v6-m/nofp\libc_nano.a(lib_a-impure.o)
__sf_fake_stdout                                  c:/program files (x86)/gnu tools arm embedded/8 2018-q4-major/bin/../lib/gcc/arm-none-eabi/8.2.1/../../../../arm-none-eabi/lib/thumb/v6-m/nofp\libc_nano.a(lib_a-impure.o)
__stack                                           c:/program files (x86)/gnu tools arm embedded/8 2018-q4-major/bin/../lib/gcc/arm-none-eabi/8.2.1/../../../../arm-none-eabi/lib/thumb/v6-m/nofp/crt0.o
__udivsi3                                         c:/program files (x86)/gnu tools arm embedded/8 2018-q4-major/bin/../lib/gcc/arm-none-eabi/8.2.1/thumb/v6-m/nofp\libgcc.a(_udivsi3.o)
_ebss                                             build\STM32_CMSIS\Device\ST\STM32L0xx\Source\Templates\startup_stm32l053xx.o
_edata                                            build\STM32_CMSIS\Device\ST\STM32L0xx\Source\Templates\startup_stm32l053xx.o
_estack                                           build\STM32_CMSIS\Device\ST\STM32L0xx\Source\Templates\startup_stm32l053xx.o
_exit                                             c:/program files (x86)/gnu tools arm embedded/8 2018-q4-major/bin/../lib/gcc/arm-none-eabi/8.2.1/../../../../arm-none-eabi/lib/thumb/v6-m/nofp\libnosys.a(_exit.o)
                                                  c:/program files (x86)/gnu tools arm embedded/8 2018-q4-major/bin/../lib/gcc/arm-none-eabi/8.2.1/../../../../arm-none-eabi/lib/thumb/v6-m/nofp\libc_nano.a(lib_a-exit.o)
_fini                                             c:/program files (x86)/gnu tools arm embedded/8 2018-q4-major/bin/../lib/gcc/arm-none-eabi/8.2.1/thumb/v6-m/nofp/crti.o
_global_impure_ptr                                c:/program files (x86)/gnu tools arm embedded/8 2018-q4-major/bin/../lib/gcc/arm-none-eabi/8.2.1/../../../../arm-none-eabi/lib/thumb/v6-m/nofp\libc_nano.a(lib_a-impure.o)
                                                  c:/program files (x86)/gnu tools arm embedded/8 2018-q4-major/bin/../lib/gcc/arm-none-eabi/8.2.1/../../../../arm-none-eabi/lib/thumb/v6-m/nofp\libc_nano.a(lib_a-exit.o)
_impure_ptr                                       c:/program files (x86)/gnu tools arm embedded/8 2018-q4-major/bin/../lib/gcc/arm-none-eabi/8.2.1/../../../../arm-none-eabi/lib/thumb/v6-m/nofp\libc_nano.a(lib_a-impure.o)
_init                                             c:/program files (x86)/gnu tools arm embedded/8 2018-q4-major/bin/../lib/gcc/arm-none-eabi/8.2.1/thumb/v6-m/nofp/crti.o
                                                  c:/program files (x86)/gnu tools arm embedded/8 2018-q4-major/bin/../lib/gcc/arm-none-eabi/8.2.1/../../../../arm-none-eabi/lib/thumb/v6-m/nofp\libc_nano.a(lib_a-init.o)
_mainCRTStartup                                   c:/program files (x86)/gnu tools arm embedded/8 2018-q4-major/bin/../lib/gcc/arm-none-eabi/8.2.1/../../../../arm-none-eabi/lib/thumb/v6-m/nofp/crt0.o
_sbss                                             build\STM32_CMSIS\Device\ST\STM32L0xx\Source\Templates\startup_stm32l053xx.o
_sdata                                            build\STM32_CMSIS\Device\ST\STM32L0xx\Source\Templates\startup_stm32l053xx.o
_sidata                                           build\STM32_CMSIS\Device\ST\STM32L0xx\Source\Templates\startup_stm32l053xx.o
_start                                            c:/program files (x86)/gnu tools arm embedded/8 2018-q4-major/bin/../lib/gcc/arm-none-eabi/8.2.1/../../../../arm-none-eabi/lib/thumb/v6-m/nofp/crt0.o
atexit                                            c:/program files (x86)/gnu tools arm embedded/8 2018-q4-major/bin/../lib/gcc/arm-none-eabi/8.2.1/../../../../arm-none-eabi/lib/thumb/v6-m/nofp/crt0.o
clock_config                                      build\main.o
exit                                              c:/program files (x86)/gnu tools arm embedded/8 2018-q4-major/bin/../lib/gcc/arm-none-eabi/8.2.1/../../../../arm-none-eabi/lib/thumb/v6-m/nofp\libc_nano.a(lib_a-exit.o)
                                                  c:/program files (x86)/gnu tools arm embedded/8 2018-q4-major/bin/../lib/gcc/arm-none-eabi/8.2.1/../../../../arm-none-eabi/lib/thumb/v6-m/nofp/crt0.o
g_pfnVectors                                      build\STM32_CMSIS\Device\ST\STM32L0xx\Source\Templates\startup_stm32l053xx.o
gpio_config                                       build\main.o
hardware_init_hook                                c:/program files (x86)/gnu tools arm embedded/8 2018-q4-major/bin/../lib/gcc/arm-none-eabi/8.2.1/../../../../arm-none-eabi/lib/thumb/v6-m/nofp/crt0.o
i                                                 build\main.o
main                                              build\main.o
                                                  build\STM32_CMSIS\Device\ST\STM32L0xx\Source\Templates\startup_stm32l053xx.o
                                                  c:/program files (x86)/gnu tools arm embedded/8 2018-q4-major/bin/../lib/gcc/arm-none-eabi/8.2.1/../../../../arm-none-eabi/lib/thumb/v6-m/nofp/crt0.o
memset                                            c:/program files (x86)/gnu tools arm embedded/8 2018-q4-major/bin/../lib/gcc/arm-none-eabi/8.2.1/../../../../arm-none-eabi/lib/thumb/v6-m/nofp\libc_nano.a(lib_a-memset.o)
                                                  c:/program files (x86)/gnu tools arm embedded/8 2018-q4-major/bin/../lib/gcc/arm-none-eabi/8.2.1/../../../../arm-none-eabi/lib/thumb/v6-m/nofp/crt0.o
software_init_hook                                c:/program files (x86)/gnu tools arm embedded/8 2018-q4-major/bin/../lib/gcc/arm-none-eabi/8.2.1/../../../../arm-none-eabi/lib/thumb/v6-m/nofp/crt0.o
